==============================================================================
1. СУБД
==============================================================================
драйвер приложения : mysql / pymysql
сервер             : MySQL 8.4.0, порт 3306
кодировка БД       : utf8mb4 / utf8mb4_unicode_ci
таблиц в схеме     : 24, движок: {'InnoDB'}
индексов / внешних ключей : 82 / 41

==============================================================================
2. ДАННЫЕ
==============================================================================
  tenants        3
  users          6
  memberships    8
  equipment      34
  load_charts    196
  bookings       25
  services       28
  products       15
  cases          6
  pages          5
  contacts       9
  orders         69
  activities     107
  documents      34
  partners       9
  projects       1
  shifts         9
  reviews        2
  media          57
  outbox         130
  audit_log      0

==============================================================================
3. ЦЕЛОСТНОСТЬ МУЛЬТИАРЕНДНОСТИ
==============================================================================
заказов без компании                : 0 (норма 0)
заказов с техникой чужой компании   : 0 (норма 0)
заказов с контактом чужой компании  : 0 (норма 0)
  dimecon        техники  22, строк грузовых таблиц  126, заявок  69
  macara-nord    техники   6, строк грузовых таблиц   35, заявок   0
  sudlift        техники   6, строк грузовых таблиц   35, заявок   0

==============================================================================
4. КОДИРОВКА utf8mb4: кириллица, румынская диакритика, эмодзи
==============================================================================
записано : Проверка ăâîșț «Дименкон» 🏗 100 т
прочитано: Проверка ăâîșț «Дименкон» 🏗 100 т
совпадение: ДА

==============================================================================
5. ПРОИЗВОДИТЕЛЬНОСТЬ (10 замеров на страницу, сервер MySQL)
==============================================================================
  Маркетплейс                  HTTP 200  медиана     31 мс  макс     74 мс
  Сайт компании (главная)      HTTP 200  медиана     31 мс  макс     44 мс
  Каталог техники              HTTP 200  медиана     31 мс  макс     35 мс
  Карточка техники + график    HTTP 200  медиана     31 мс  макс     49 мс
  Визард, шаг 1                HTTP 200  медиана      5 мс  макс     77 мс
  API: каталог                 HTTP 200  медиана     48 мс  макс     54 мс
  Выгрузка прайса XLSX         HTTP 200  медиана     74 мс  макс     84 мс

==============================================================================
6. API
==============================================================================
POST /api/v1/quotes -> HTTP 200, итого 6480 MDL, строк расчёта 4
    Работа техники (4 ч × 900 MDL)                           3600
    Подача техники (зона «Город»)                            1200
    Стропальщик                                               600
    НДС 20 %                                                 1080
GET /api/v1/orders без ключа -> HTTP 401 (ожидается 401)

==============================================================================
7. ПОЧТА
==============================================================================
  статус queued   транспорт none               130
  (SMTP компаний не настроен в тестовом контуре — письма фиксируются в журнале, не теряются)

ГОТОВО
