Компания: Dimecon 11 (id=1), источник: dimecon.md

Техника:
   + mobile_crane   КС-3577                    Q=14 R=13 H=14.5 кг=0 фото=2 ТТХ=8 языки=enroru
   + mobile_crane   КС-4562                    Q=17 R=11 H=12.2 кг=0 фото=2 ТТХ=8 языки=enroru
   + mobile_crane  GROVE GMK 5100                       Q=100 R=46 H=68 кг=0 фото=3 ТТХ=9 языки=enroru
   + mobile_crane  GROVE GMK 3055                       Q=0 R=0 H=0 кг=0 фото=2 ТТХ=0 языки=ro
   + mobile_crane  GROVE GMK 2035                       Q=0 R=0 H=0 кг=0 фото=2 ТТХ=0 языки=ro
   !! фото: image072.jpg — HTTP Error 404: Not Found
   + mobile_crane   KC-6471                    Q=40 R=18 H=34 кг=0 фото=2 ТТХ=9 языки=en
   + tower_crane    КБ-308, КБ-308А            Q=8 R=25 H=42 кг=0 фото=4 ТТХ=8 языки=enroru
   + tower_crane    КБ-309ХЛ                   Q=8 R=25 H=37 кг=0 фото=3 ТТХ=6 языки=enroru
   + tower_crane   POTAIN MC-85B                     Q=5 R=50 H=94.5 кг=0 фото=3 ТТХ=2 языки=enroru
   !! фото: image012.jpg — HTTP Error 404: Not Found
   + tower_crane   POTAIN MCT-88                     Q=5 R=52 H=127 кг=0 фото=2 ТТХ=2 языки=enroru
   + tower_crane   Irmaos Tavares IT-54 5fd                  Q=6 R=54 H=109.9 кг=0 фото=2 ТТХ=3 языки=enroru
   + tower_crane   COMANSA 10LC 140                   Q=8 R=60 H=82.6 кг=0 фото=2 ТТХ=1 языки=enroru
   + tower_crane    КБ-403А, КБ-403Б           Q=8 R=30 H=57.5 кг=0 фото=2 ТТХ=1 языки=enroru
   + tower_crane    КБ-405-1А, КБ-405-1АМ, КБ-405-2А Q=10 R=30 H=70 кг=0 фото=6 ТТХ=7 языки=enroru
   + tower_crane    КБ-408                     Q=10 R=30 H=54.7 кг=0 фото=4 ТТХ=7 языки=enroru
   + crawler_crane RDK 250                        Q=25 R=26.05 H=44.98 кг=0 фото=5 ТТХ=0 языки=enroru
   + semitrailer    A-441                      Q=0 R=0 H=0 кг=10200 фото=2 ТТХ=6 языки=enroru
   + semitrailer    SJ-45S                     Q=0 R=0 H=0 кг=45000 фото=2 ТТХ=2 языки=enroru
   + semitrailer   CMZAP 93853                      Q=0 R=0 H=0 кг=26000 фото=2 ТТХ=6 языки=enroru
   + semitrailer    3PT 40-206, 3PT 40-206M    Q=0 R=0 H=0 кг=30000 фото=2 ТТХ=7 языки=enroru
   + semitrailer   FAYMONVILLE SNT-4U                     Q=0 R=0 H=0 кг=63000 фото=2 ТТХ=6 языки=enroru
   + semitrailer    555-102                    Q=0 R=0 H=0 кг=10000 фото=1 ТТХ=0 языки=enroru

Услуги: 14
Товары: 5
Страницы: 3
Кейсы: 2
Техника: 22 (ориентировочных кривых: 14)
Фотографии: загружено 74, ошибок 2
Контакты: +373 22 47 35 32 / + 373 68140336 / office@dimecon.md, основана 1968
