============================================================================
ПЕРЕНЕСЕНО С dimecon.md
============================================================================
  техника ................ 22
  строк грузовых таблиц .. 126 (ориентировочные, конфигурация 'approx')
  услуги ................. 14
  товары ................. 5
  страницы ............... 3
  кейсы .................. 2
  файлы в медиатеке ...... 57
  контакты ............... +373 22 47 35 32 / + 373 68140336 / office@dimecon.md, основана 1968

ПО КАТЕГОРИЯМ
  Гусеничные краны        1: RDK 250
  Автокраны               6: GROVE GMK 2035, GROVE GMK 3055, GROVE GMK 5100, KC-6471, КС-3577, КС-4562
  Транспорт и тралы       6: 3PT 40-206, 3PT 40-206M, 555-102, A-441, CMZAP 93853, FAYMONVILLE SNT-4U, SJ-45S
  Башенные краны          9: COMANSA 10LC 140, Irmaos Tavares IT-54 5fd, КБ-308, КБ-308А, КБ-309ХЛ, КБ-403А, КБ-403Б, КБ-405-1А, КБ-405-1АМ, КБ-405-2А, КБ-408, POTAIN MC-85B, POTAIN MCT-88

ПОЛНОТА ДАННЫХ
  без ТТХ на сайте-источнике: 2 — GROVE GMK 2035, GROVE GMK 3055
  без фотографии ...........: 0
  названий на «ru» ........: 22 из 22
  названий на «ro» ........: 22 из 22
  названий на «en» ........: 22 из 22

РАССИНХРОН ЯЗЫКОВ НА ИСХОДНОМ САЙТЕ (карточек в разделе)
  auto       RU= 3  RO= 5  EN= 4  <-- расходится
  turn       RU= 9  RO= 9  EN= 9
  senile     RU= 1  RO= 1  EN= 1
  transport  RU= 6  RO= 6  EN= 6
  servicii   RU=14  RO=14  EN=14
  vinzari    RU= 5  RO= 5  EN= 4  <-- расходится
  noutati    RU= 0  RO= 0  EN= 0
