
[1] Платформа: маркетплейс и онбординг
  + 01_platform_marketplace.png - Маркетплейс: каталог компаний на платформе
  + 02_platform_register.png - Онбординг: регистрация новой компании
  + 03_platform_pricing.png - Пакеты платформы BASE / PRO / MAX

[2] Публичный сайт компании Dimecon 11
  + 04_site_home.png - Сайт компании: главная страница целиком (тема Dimecon)
  + 05_site_home_ro.png - Тот же сайт на румынском языке
  + 06_site_equipment.png - Каталог техники с фасетными фильтрами
  + 07_site_equipment_item.png - Карточка техники: ТТХ, график грузоподъёмности, занятость
  + 08_site_services.png - Услуги компании
  + 09_site_products.png - Раздел «В продаже»
  + 10_site_partners.png - Лендинг для подрядчиков и уровни партнёрства

[3] Другие арендаторы: проверка white-label
  + 11_site_tenant2.png - Вторая компания: свой бренд, цвета, парк, контакты
  + 12_site_tenant3_en.png - Третья компания на английском языке

[4] B2C-визард: сквозной сценарий
  + 13_wizard_s1.png - Шаг 1: что нужно сделать
  + 14_wizard_s2.png - Шаг 2: пресеты груза и калькулятор массы
  + 15_wizard_s3.png - Шаг 3: высота подъёма в этажах
  + 16_wizard_s4.png - Шаг 4: вылет — схемы ситуаций вместо термина
  + 17_wizard_s5.png - Шаг 5: условия площадки
  + 18_wizard_s6.png - Шаг 6: дата, длительность, гибкая дата со скидкой, адрес
  + 19_wizard_result.png - Результат подбора: варианты, доступность, вилка цены
  + 20_wizard_breakdown.png - Раскрытые «почему эта машина» и построчная детализация цены
  + 21_wizard_done.png - Заявка принята: номер, параметры, цена, что дальше
   номер заявки: DIM-2026-00073
  + 22_track.png - Отслеживание заявки по ссылке без входа в кабинет

[5] Эскалация к инженеру: 42 т и работа вблизи ЛЭП
  + 23_wizard_escalation.png - Эскалация: система не выдаёт машину, а передаёт инженеру с причинами

[5a] Подбор с несколькими вариантами (машина ближе к грузу)
  + 19b_wizard_result_multi.png - Подбор выдал несколько вариантов: «Оптимально» и «С запасом»

[6] Кабинет компании: CRM
  + 24_admin_dashboard.png - Дашборд: KPI, воронка, ближайшие подачи, последние заявки
  + 25_admin_kanban.png - Канбан заявок с drag-and-drop по этапам сделки
  + 26_admin_orders_list.png - Реестр заявок: B2C и B2B вместе
  + 27_admin_order.png - Карточка заявки: обработка, техника, документы, рапорты
  + 28_admin_contacts.png - Контакты CRM с дедупликацией по телефону
  + 29_admin_fleet.png - Парк техники и график занятости на 14 дней
  + 30_admin_equipment.png - Карточка техники: тарифы, грузовые таблицы, импорт CSV
  + 31_admin_content.png - Контент: услуги с индикацией заполненных переводов
  + 32_admin_content_edit.png - Редактор контента с вкладками RU / RO / EN
  + 33_admin_media.png - Медиатека: загрузка файла или регистрация по внешнему URL
  + 34_admin_partners.png - Партнёры B2B: уровни, скидки, лимиты, приглашения

[7] Настройки white-label
  + 35_admin_branding.png - Бренд компании: цвета, логотип, герой, FAQ, языки
  + 36_admin_smtp.png - Собственный SMTP компании и журнал писем
  + 37_admin_storage.png - Хранилище файлов: диск платформы, внешние ссылки или S3
  + 38_admin_pricing.png - Тарифы: коэффициенты, зоны подачи, допуслуги, скидки
  + 39_admin_team.png - Команда, собственный домен, API-ключ
  + 64_admin_crm.png - Интеграция с внешней CRM: импорт выгрузки, сопоставление колонок, обмен данными

[8] Портал партнёра B2B
  + 40_partner_index.png - Портал партнёра: рапорты на подтверждение, объекты, уровень
  + 41_partner_project.png - Объект: заявки, рапорты, создание заявки из шаблона
  + 42_partner_schedule.png - График техники: свои брони видны, чужие — без деталей
  + 43_partner_documents.png - Документы, счета и кредитный лимит партнёра

[9] Кабинет частного клиента
  + 44_account_index.png - Кабинет клиента: активные заказы, история, повтор в один клик
  + 45_account_order.png - Заказ клиента: параметры, расчёт, документы, история

[10] Суперадмин платформы
  + 46_superadmin.png - Суперадмин: все компании, статусы, пакеты, листинг
  + 47_superadmin_mail.png - Журнал почты по всем компаниям
  + 48_isolation_ok.png - Контроль: суперадмин открывает кабинет любой компании (HTTP 200)

[11] Изоляция данных между компаниями
  + 49_isolation_403.png - Владелец Dimecon в кабинете чужой компании: HTTP 403
   изоляция: 403

[12] Мобильная версия
  + 50_mobile_home.png - Мобильная версия сайта, 390 px, со sticky-CTA
  + 51_mobile_wizard.png - Мобильный визард: один вопрос на экран

Готово: 53 скриншотов в D:\Projects\dimecon.md\docs\screens
время: 88.2 c
