==============================================================================
PDF
==============================================================================

12_quote.pdf  [30574 Б, страниц 1]
  кириллица: да | диакритика: да
  Dimecon 11 SA «Dimecon 11» · IDNO 1003600012345 · mun. Chișinău, str. Uzinelor 21 +373 22 47 35 32 + 373 68140336 office@dimecon.md Коммерческое предложение KP-2026-0006 К заявке DIM-2026-00027. Предложение действительно до 26.09.2026. Заказчик Ион Мунтяну Телефон +37369456789 E-mail test.client@example.md Заявка DIM-2026-00027 

13_invoice.pdf  [28972 Б, страниц 1]
  кириллица: да | диакритика: да
  Dimecon 11 SA «Dimecon 11» · IDNO 1003600012345 · mun. Chișinău, str. Uzinelor 21 +373 22 47 35 32 + 373 68140336 office@dimecon.md Счёт на оплату INV-2026-0004 от 19.09.2026 по заявке DIM-2026-00027. Срок оплаты до 26.09.2026. Заказчик Ион Мунтяну Телефон +37369456789 E-mail test.client@example.md Поставщик SA «Dimecon 11» IDNO

14_act.pdf  [32212 Б, страниц 1]
  кириллица: да | диакритика: да
  Dimecon 11 SA «Dimecon 11» · IDNO 1003600012345 · mun. Chișinău, str. Uzinelor 21 +373 22 47 35 32 + 373 68140336 office@dimecon.md Акт выполненных работ ACT-2026-0004 от 19.09.2026 по заявке DIM-2026-00027 Заказчик Ион Мунтяну Телефон +37369456789 E-mail test.client@example.md Заявка DIM-2026-00027 Дата подачи 01.10.2026 09:00 

5_Сменный рапорт.pdf  [26962 Б, страниц 1]
  кириллица: да | диакритика: да
  Dimecon 11 SA «Dimecon 11» · IDNO 1003600012345 · mun. Chișinău, str. Uzinelor 21 +373 22 47 35 32 + 373 68140336 office@dimecon.md Сменный рапорт № 5 от 01.10.2026 Первичный документ учёта работы техники на объекте. Заявка DIM-2026-00027 Объект Chișinău, str. Test 1 Техника GROVE GMK 5100 Оператор Василий Гуцу Часы работы 6 ч П

confirmation_Подтверждение заказа.pdf  [29961 Б, страниц 1]
  кириллица: да | диакритика: да
  Dimecon 11 SA «Dimecon 11» · IDNO 1003600012345 · mun. Chișinău, str. Uzinelor 21 +373 22 47 35 32 + 373 68140336 office@dimecon.md Подтверждение заказа DIM-2026-00027 Заявка принята в работу. Ниже — согласованные параметры выезда техники. Заказчик Ион Мунтяну Телефон +37369456789 E-mail test.client@example.md Заявка DIM-2026-00

==============================================================================
XLSX
==============================================================================

Документы.xlsx  [6244 Б]
  лист «Документы»: строк 16, колонок 9
     шапка: ['Тип', 'Номер', 'Дата', 'Срок оплаты', 'Заявка', 'Сумма, MDL']
     пример: ['Коммерческое предложение', 'KP-2026-0001', datetime.datetime(2026, 9, 19, 0, 0), datetime.datetime(2026, 9, 26, 0, 0), 'DIM-2026-00001', 9000]

Заявки.xlsx  [9893 Б]
  лист «Заявки»: строк 32, колонок 22
     шапка: ['№ заявки', 'Создана', 'Тип', 'Источник', 'Клиент', 'Телефон']
     пример: ['DIM-2026-00029', datetime.datetime(2026, 9, 19, 14, 3, 18), 'B2B', 'partner_apply', 'Прораб Тестов', '+37369998877']

Контакты.xlsx  [6217 Б]
  лист «Контакты»: строк 10, колонок 10
     шапка: ['Имя', 'Компания', 'Телефон', 'E-mail', 'Тип', 'Источник']
     пример: ['Тест Контакт', None, '+37360112233', 'form@example.md', 'B2C', 'contact_form']

Парк.xlsx  [12163 Б]
  лист «Парк техники»: строк 23, колонок 15
     шапка: ['Инв. №', 'Категория', 'Бренд', 'Модель', 'Год', 'Г/П, т']
     пример: ['MO-01', 'Автокраны', None, 'КС-3577', None, 14]
  лист «Грузовые таблицы»: строк 127, колонок 6
     шапка: ['Техника', 'Конфигурация', 'Опоры', 'Вылет, м', 'Г/П, т', 'Высота, м']
     пример: [' КС-3577', 'approx', 'full', 2.5, 10.12, 14.3]

Прайс-лист.xlsx  [10545 Б]
  лист «Техника»: строк 23, колонок 8
     шапка: ['Категория', 'Техника', 'Г/П, т', 'Ставка/ч, MDL', 'Мин. смена, ч', 'Подача, MDL']
     пример: ['Автокраны', ' КС-3577', 14, 900, 4, 1200]
  лист «Услуги»: строк 15, колонок 3
     шапка: ['Услуга', 'Модель цены', 'Цена от, MDL']
     пример: ['Предоставляем услуги башенными, авто и самоходными кранами', 'hourly', 1200]
  лист «Товары»: строк 6, колонок 6
     шапка: ['Артикул', 'Категория', 'Наименование', 'Ед.', 'Цена, MDL', 'Остаток']
     пример: ['VZ-01', 'Аренда помещений', 'аренда помещении', 'шт', 0, 0]
  лист «Коэффициенты»: строк 33, колонок 3
     шапка: ['Группа', 'Параметр', 'Значение']
     пример: ['time', 'day', 1]

Смены.xlsx  [6037 Б]
  лист «Сменные рапорты»: строк 7, колонок 11
     шапка: ['Дата', 'Заявка', 'Объект', 'Техника', 'Оператор', 'Часы работы']
     пример: [datetime.datetime(2026, 10, 1, 0, 0), 'DIM-2026-00018', 'Chișinău, str. Test 1', 'GROVE GMK 5100', 'Василий Гуцу', 6]
